Compiling host-pcc
Compiling pcc1
Compiling host-pcc-asyncio-vthread-prototype
Compiling pcc1-asyncio-vthread-prototype
asyncio: wait=0ms concurrency=1 repeat=1 8643.4 requests/s
asyncio-gather: wait=0ms concurrency=1 repeat=1 8835.8 requests/s
host-pcc: wait=0ms concurrency=1 repeat=1 13422.9 requests/s
pcc1: wait=0ms concurrency=1 repeat=1 13033.9 requests/s
host-pcc-asyncio-vthread-prototype: wait=0ms concurrency=1 repeat=1 7372.7 requests/s
pcc1-asyncio-vthread-prototype: wait=0ms concurrency=1 repeat=1 7222.7 requests/s
asyncio-gather: wait=0ms concurrency=1 repeat=2 8158.8 requests/s
host-pcc: wait=0ms concurrency=1 repeat=2 13268.0 requests/s
pcc1: wait=0ms concurrency=1 repeat=2 13390.3 requests/s
host-pcc-asyncio-vthread-prototype: wait=0ms concurrency=1 repeat=2 7384.7 requests/s
pcc1-asyncio-vthread-prototype: wait=0ms concurrency=1 repeat=2 7086.1 requests/s
asyncio: wait=0ms concurrency=1 repeat=2 7608.9 requests/s
host-pcc: wait=0ms concurrency=1 repeat=3 11958.0 requests/s
pcc1: wait=0ms concurrency=1 repeat=3 13051.8 requests/s
host-pcc-asyncio-vthread-prototype: wait=0ms concurrency=1 repeat=3 7146.2 requests/s
pcc1-asyncio-vthread-prototype: wait=0ms concurrency=1 repeat=3 7294.8 requests/s
asyncio: wait=0ms concurrency=1 repeat=3 9194.2 requests/s
asyncio-gather: wait=0ms concurrency=1 repeat=3 8535.0 requests/s
pcc1: wait=0ms concurrency=1 repeat=4 13340.8 requests/s
host-pcc-asyncio-vthread-prototype: wait=0ms concurrency=1 repeat=4 7334.9 requests/s
pcc1-asyncio-vthread-prototype: wait=0ms concurrency=1 repeat=4 7410.0 requests/s
asyncio: wait=0ms concurrency=1 repeat=4 8818.8 requests/s
asyncio-gather: wait=0ms concurrency=1 repeat=4 9053.1 requests/s
host-pcc: wait=0ms concurrency=1 repeat=4 13323.0 requests/s
host-pcc-asyncio-vthread-prototype: wait=0ms concurrency=1 repeat=5 7313.2 requests/s
pcc1-asyncio-vthread-prototype: wait=0ms concurrency=1 repeat=5 7349.1 requests/s
asyncio: wait=0ms concurrency=1 repeat=5 8725.4 requests/s
asyncio-gather: wait=0ms concurrency=1 repeat=5 9094.3 requests/s
host-pcc: wait=0ms concurrency=1 repeat=5 13226.3 requests/s
pcc1: wait=0ms concurrency=1 repeat=5 13308.6 requests/s
asyncio: wait=0ms concurrency=10 repeat=1 49056.0 requests/s
asyncio-gather: wait=0ms concurrency=10 repeat=1 38933.2 requests/s
host-pcc: wait=0ms concurrency=10 repeat=1 18576.7 requests/s
pcc1: wait=0ms concurrency=10 repeat=1 18558.2 requests/s
host-pcc-asyncio-vthread-prototype: wait=0ms concurrency=10 repeat=1 9290.7 requests/s
pcc1-asyncio-vthread-prototype: wait=0ms concurrency=10 repeat=1 9246.2 requests/s
asyncio-gather: wait=0ms concurrency=10 repeat=2 47629.3 requests/s
host-pcc: wait=0ms concurrency=10 repeat=2 18591.0 requests/s
pcc1: wait=0ms concurrency=10 repeat=2 18419.4 requests/s
host-pcc-asyncio-vthread-prototype: wait=0ms concurrency=10 repeat=2 9580.0 requests/s
pcc1-asyncio-vthread-prototype: wait=0ms concurrency=10 repeat=2 9288.8 requests/s
asyncio: wait=0ms concurrency=10 repeat=2 49365.0 requests/s
host-pcc: wait=0ms concurrency=10 repeat=3 18732.5 requests/s
pcc1: wait=0ms concurrency=10 repeat=3 17220.5 requests/s
host-pcc-asyncio-vthread-prototype: wait=0ms concurrency=10 repeat=3 9292.4 requests/s
pcc1-asyncio-vthread-prototype: wait=0ms concurrency=10 repeat=3 9399.4 requests/s
asyncio: wait=0ms concurrency=10 repeat=3 49842.2 requests/s
asyncio-gather: wait=0ms concurrency=10 repeat=3 46331.3 requests/s
pcc1: wait=0ms concurrency=10 repeat=4 18349.6 requests/s
host-pcc-asyncio-vthread-prototype: wait=0ms concurrency=10 repeat=4 9391.2 requests/s
pcc1-asyncio-vthread-prototype: wait=0ms concurrency=10 repeat=4 9398.4 requests/s
asyncio: wait=0ms concurrency=10 repeat=4 48465.8 requests/s
asyncio-gather: wait=0ms concurrency=10 repeat=4 46925.6 requests/s
host-pcc: wait=0ms concurrency=10 repeat=4 18409.8 requests/s
host-pcc-asyncio-vthread-prototype: wait=0ms concurrency=10 repeat=5 9177.9 requests/s
pcc1-asyncio-vthread-prototype: wait=0ms concurrency=10 repeat=5 9493.4 requests/s
asyncio: wait=0ms concurrency=10 repeat=5 48718.9 requests/s
asyncio-gather: wait=0ms concurrency=10 repeat=5 46670.2 requests/s
host-pcc: wait=0ms concurrency=10 repeat=5 18493.2 requests/s
pcc1: wait=0ms concurrency=10 repeat=5 18711.4 requests/s
asyncio: wait=0ms concurrency=100 repeat=1 84137.3 requests/s
asyncio-gather: wait=0ms concurrency=100 repeat=1 78079.4 requests/s
host-pcc: wait=0ms concurrency=100 repeat=1 16820.0 requests/s
pcc1: wait=0ms concurrency=100 repeat=1 18092.1 requests/s
host-pcc-asyncio-vthread-prototype: wait=0ms concurrency=100 repeat=1 9086.9 requests/s
pcc1-asyncio-vthread-prototype: wait=0ms concurrency=100 repeat=1 9087.0 requests/s
asyncio-gather: wait=0ms concurrency=100 repeat=2 80977.2 requests/s
host-pcc: wait=0ms concurrency=100 repeat=2 17615.4 requests/s
pcc1: wait=0ms concurrency=100 repeat=2 18070.9 requests/s
host-pcc-asyncio-vthread-prototype: wait=0ms concurrency=100 repeat=2 8874.7 requests/s
pcc1-asyncio-vthread-prototype: wait=0ms concurrency=100 repeat=2 9103.0 requests/s
asyncio: wait=0ms concurrency=100 repeat=2 85475.6 requests/s
host-pcc: wait=0ms concurrency=100 repeat=3 18631.5 requests/s
pcc1: wait=0ms concurrency=100 repeat=3 18471.5 requests/s
host-pcc-asyncio-vthread-prototype: wait=0ms concurrency=100 repeat=3 8882.4 requests/s
pcc1-asyncio-vthread-prototype: wait=0ms concurrency=100 repeat=3 8949.2 requests/s
asyncio: wait=0ms concurrency=100 repeat=3 81625.2 requests/s
asyncio-gather: wait=0ms concurrency=100 repeat=3 78104.7 requests/s
pcc1: wait=0ms concurrency=100 repeat=4 17067.1 requests/s
host-pcc-asyncio-vthread-prototype: wait=0ms concurrency=100 repeat=4 9302.1 requests/s
pcc1-asyncio-vthread-prototype: wait=0ms concurrency=100 repeat=4 9106.7 requests/s
asyncio: wait=0ms concurrency=100 repeat=4 80171.9 requests/s
asyncio-gather: wait=0ms concurrency=100 repeat=4 77574.4 requests/s
host-pcc: wait=0ms concurrency=100 repeat=4 18897.9 requests/s
host-pcc-asyncio-vthread-prototype: wait=0ms concurrency=100 repeat=5 9091.9 requests/s
pcc1-asyncio-vthread-prototype: wait=0ms concurrency=100 repeat=5 8902.4 requests/s
asyncio: wait=0ms concurrency=100 repeat=5 82006.8 requests/s
asyncio-gather: wait=0ms concurrency=100 repeat=5 79959.2 requests/s
host-pcc: wait=0ms concurrency=100 repeat=5 18075.4 requests/s
pcc1: wait=0ms concurrency=100 repeat=5 18184.2 requests/s
asyncio: wait=100ms concurrency=1 repeat=1 9.9 requests/s
asyncio-gather: wait=100ms concurrency=1 repeat=1 9.9 requests/s
host-pcc: wait=100ms concurrency=1 repeat=1 9.9 requests/s
pcc1: wait=100ms concurrency=1 repeat=1 10.0 requests/s
host-pcc-asyncio-vthread-prototype: wait=100ms concurrency=1 repeat=1 9.9 requests/s
pcc1-asyncio-vthread-prototype: wait=100ms concurrency=1 repeat=1 9.9 requests/s
asyncio-gather: wait=100ms concurrency=1 repeat=2 9.9 requests/s
host-pcc: wait=100ms concurrency=1 repeat=2 9.9 requests/s
pcc1: wait=100ms concurrency=1 repeat=2 10.0 requests/s
host-pcc-asyncio-vthread-prototype: wait=100ms concurrency=1 repeat=2 10.0 requests/s
pcc1-asyncio-vthread-prototype: wait=100ms concurrency=1 repeat=2 9.9 requests/s
asyncio: wait=100ms concurrency=1 repeat=2 9.9 requests/s
host-pcc: wait=100ms concurrency=1 repeat=3 10.0 requests/s
pcc1: wait=100ms concurrency=1 repeat=3 10.0 requests/s
host-pcc-asyncio-vthread-prototype: wait=100ms concurrency=1 repeat=3 9.9 requests/s
pcc1-asyncio-vthread-prototype: wait=100ms concurrency=1 repeat=3 9.9 requests/s
asyncio: wait=100ms concurrency=1 repeat=3 9.9 requests/s
asyncio-gather: wait=100ms concurrency=1 repeat=3 9.9 requests/s
pcc1: wait=100ms concurrency=1 repeat=4 10.0 requests/s
host-pcc-asyncio-vthread-prototype: wait=100ms concurrency=1 repeat=4 9.9 requests/s
pcc1-asyncio-vthread-prototype: wait=100ms concurrency=1 repeat=4 9.9 requests/s
asyncio: wait=100ms concurrency=1 repeat=4 9.9 requests/s
asyncio-gather: wait=100ms concurrency=1 repeat=4 9.9 requests/s
host-pcc: wait=100ms concurrency=1 repeat=4 10.0 requests/s
host-pcc-asyncio-vthread-prototype: wait=100ms concurrency=1 repeat=5 10.0 requests/s
pcc1-asyncio-vthread-prototype: wait=100ms concurrency=1 repeat=5 9.9 requests/s
asyncio: wait=100ms concurrency=1 repeat=5 9.9 requests/s
asyncio-gather: wait=100ms concurrency=1 repeat=5 9.9 requests/s
host-pcc: wait=100ms concurrency=1 repeat=5 10.0 requests/s
pcc1: wait=100ms concurrency=1 repeat=5 10.0 requests/s
asyncio: wait=100ms concurrency=10 repeat=1 98.8 requests/s
asyncio-gather: wait=100ms concurrency=10 repeat=1 98.8 requests/s
host-pcc: wait=100ms concurrency=10 repeat=1 99.4 requests/s
pcc1: wait=100ms concurrency=10 repeat=1 99.4 requests/s
host-pcc-asyncio-vthread-prototype: wait=100ms concurrency=10 repeat=1 98.3 requests/s
pcc1-asyncio-vthread-prototype: wait=100ms concurrency=10 repeat=1 98.6 requests/s
asyncio-gather: wait=100ms concurrency=10 repeat=2 98.6 requests/s
host-pcc: wait=100ms concurrency=10 repeat=2 98.6 requests/s
pcc1: wait=100ms concurrency=10 repeat=2 98.1 requests/s
host-pcc-asyncio-vthread-prototype: wait=100ms concurrency=10 repeat=2 96.4 requests/s
pcc1-asyncio-vthread-prototype: wait=100ms concurrency=10 repeat=2 97.4 requests/s
asyncio: wait=100ms concurrency=10 repeat=2 98.7 requests/s
host-pcc: wait=100ms concurrency=10 repeat=3 98.0 requests/s
pcc1: wait=100ms concurrency=10 repeat=3 98.6 requests/s
host-pcc-asyncio-vthread-prototype: wait=100ms concurrency=10 repeat=3 98.3 requests/s
pcc1-asyncio-vthread-prototype: wait=100ms concurrency=10 repeat=3 97.6 requests/s
asyncio: wait=100ms concurrency=10 repeat=3 98.7 requests/s
asyncio-gather: wait=100ms concurrency=10 repeat=3 98.6 requests/s
pcc1: wait=100ms concurrency=10 repeat=4 98.8 requests/s
host-pcc-asyncio-vthread-prototype: wait=100ms concurrency=10 repeat=4 98.2 requests/s
pcc1-asyncio-vthread-prototype: wait=100ms concurrency=10 repeat=4 97.6 requests/s
asyncio: wait=100ms concurrency=10 repeat=4 98.7 requests/s
asyncio-gather: wait=100ms concurrency=10 repeat=4 98.5 requests/s
host-pcc: wait=100ms concurrency=10 repeat=4 99.2 requests/s
host-pcc-asyncio-vthread-prototype: wait=100ms concurrency=10 repeat=5 98.5 requests/s
pcc1-asyncio-vthread-prototype: wait=100ms concurrency=10 repeat=5 98.5 requests/s
asyncio: wait=100ms concurrency=10 repeat=5 98.6 requests/s
asyncio-gather: wait=100ms concurrency=10 repeat=5 98.7 requests/s
host-pcc: wait=100ms concurrency=10 repeat=5 99.2 requests/s
pcc1: wait=100ms concurrency=10 repeat=5 98.5 requests/s
asyncio: wait=100ms concurrency=100 repeat=1 975.8 requests/s
asyncio-gather: wait=100ms concurrency=100 repeat=1 975.6 requests/s
host-pcc: wait=100ms concurrency=100 repeat=1 943.4 requests/s
pcc1: wait=100ms concurrency=100 repeat=1 940.8 requests/s
host-pcc-asyncio-vthread-prototype: wait=100ms concurrency=100 repeat=1 914.5 requests/s
pcc1-asyncio-vthread-prototype: wait=100ms concurrency=100 repeat=1 909.5 requests/s
asyncio-gather: wait=100ms concurrency=100 repeat=2 977.6 requests/s
host-pcc: wait=100ms concurrency=100 repeat=2 943.7 requests/s
pcc1: wait=100ms concurrency=100 repeat=2 945.4 requests/s
host-pcc-asyncio-vthread-prototype: wait=100ms concurrency=100 repeat=2 909.9 requests/s
pcc1-asyncio-vthread-prototype: wait=100ms concurrency=100 repeat=2 902.2 requests/s
asyncio: wait=100ms concurrency=100 repeat=2 970.7 requests/s
host-pcc: wait=100ms concurrency=100 repeat=3 943.8 requests/s
pcc1: wait=100ms concurrency=100 repeat=3 941.0 requests/s
host-pcc-asyncio-vthread-prototype: wait=100ms concurrency=100 repeat=3 916.2 requests/s
pcc1-asyncio-vthread-prototype: wait=100ms concurrency=100 repeat=3 915.2 requests/s
asyncio: wait=100ms concurrency=100 repeat=3 962.5 requests/s
asyncio-gather: wait=100ms concurrency=100 repeat=3 963.1 requests/s
pcc1: wait=100ms concurrency=100 repeat=4 940.6 requests/s
host-pcc-asyncio-vthread-prototype: wait=100ms concurrency=100 repeat=4 905.9 requests/s
pcc1-asyncio-vthread-prototype: wait=100ms concurrency=100 repeat=4 918.2 requests/s
asyncio: wait=100ms concurrency=100 repeat=4 968.3 requests/s
asyncio-gather: wait=100ms concurrency=100 repeat=4 965.1 requests/s
host-pcc: wait=100ms concurrency=100 repeat=4 919.8 requests/s
host-pcc-asyncio-vthread-prototype: wait=100ms concurrency=100 repeat=5 900.3 requests/s
pcc1-asyncio-vthread-prototype: wait=100ms concurrency=100 repeat=5 920.9 requests/s
asyncio: wait=100ms concurrency=100 repeat=5 976.2 requests/s
asyncio-gather: wait=100ms concurrency=100 repeat=5 976.0 requests/s
host-pcc: wait=100ms concurrency=100 repeat=5 945.5 requests/s
pcc1: wait=100ms concurrency=100 repeat=5 946.0 requests/s
Saved /private/var/folders/39/jsw8wb5x1pl86d3tdvzx1l1w0000gn/T/pcc-gateway-20260914-lx0lzn1b/comparison.json
