============================= test session starts ==============================
platform darwin -- Python 3.15.0rc1, pytest-9.0.3, pluggy-1.6.0 -- /Users/jiamo/my/pcc/.venv/bin/python3
cachedir: .pytest_cache
rootdir: /Users/jiamo/my/pcc
configfile: pyproject.toml
plugins: xdist-3.8.0
collecting ... collected 34 items

tests/python/test_gc4_leaf_root_ownership.py::test_leaf_root_self_store_and_clear[pcc_py_runtime_archive] PASSED [  2%]
tests/python/test_gc4_leaf_root_ownership.py::test_leaf_root_self_store_and_clear[c_runtime_archive] PASSED [  5%]
tests/python/test_container_emitted_ownership.py::test_container_temporaries_are_released[result = (text.strip(),)\n    return len(result)] PASSED [  8%]
tests/python/test_container_emitted_ownership.py::test_container_temporaries_are_released[result = [text.strip()]\n    return len(result)] PASSED [ 11%]
tests/python/test_container_emitted_ownership.py::test_container_temporaries_are_released[result = {text.strip()}\n    return len(result)] PASSED [ 14%]
tests/python/test_container_emitted_ownership.py::test_container_temporaries_are_released[result = {text.strip(): text.upper()}\n    return len(result)] PASSED [ 17%]
tests/python/test_container_emitted_ownership.py::test_container_temporaries_are_released[result = []\n    result.append(text.strip())\n    return len(result)] PASSED [ 20%]
tests/python/test_container_emitted_ownership.py::test_container_temporaries_are_released[result = set()\n    result.add(text.strip())\n    return len(result)] PASSED [ 23%]
tests/python/test_container_emitted_ownership.py::test_container_temporaries_are_released[result = set()\n    result.add(text.strip())\n    result.add(text.strip())\n    return len(result)] PASSED [ 26%]
tests/python/test_container_emitted_ownership.py::test_container_temporaries_are_released[result = set()\n    result.discard(text.strip())\n    return 1] PASSED [ 29%]
tests/python/test_container_emitted_ownership.py::test_container_temporaries_are_released[result = set()\n    try:\n        result.remove(text.strip())\n    except KeyError:\n        pass\n    return 1] PASSED [ 32%]
tests/python/test_container_emitted_ownership.py::test_container_temporaries_are_released[set().add(text.strip())\n    return 1] PASSED [ 35%]
tests/python/test_container_emitted_ownership.py::test_container_temporaries_are_released[result = []\n    result.append(Node.from_text(text.strip()))\n    return len(result)] PASSED [ 38%]
tests/python/test_container_emitted_ownership.py::test_literal_unwind_consumes_dynamic_string_temporary PASSED [ 41%]
tests/python/test_container_emitted_ownership.py::test_set_temporary_receiver_and_failure_cleanup_gc_backends PASSED [ 44%]
tests/python/test_string_compare_ownership.py::test_temporary_string_operands_release_each_iteration[==-a-50000] PASSED [ 47%]
tests/python/test_string_compare_ownership.py::test_temporary_string_operands_release_each_iteration[!=-a-50000] PASSED [ 50%]
tests/python/test_string_compare_ownership.py::test_temporary_string_operands_release_each_iteration[in-ab-100000] PASSED [ 52%]
tests/python/test_string_compare_ownership.py::test_temporary_string_operands_release_each_iteration[not in-ab-0] PASSED [ 55%]
tests/python/test_string_compare_ownership.py::test_string_predicates_preserve_order_and_lhs_across_rhs_gc PASSED [ 58%]
tests/python/test_string_compare_ownership.py::test_rhs_failure_releases_temporary_string[==] PASSED [ 61%]
tests/python/test_string_compare_ownership.py::test_rhs_failure_releases_temporary_string[in] PASSED [ 64%]
tests/python/test_string_compare_ownership.py::test_dynamic_string_equality_order_callback_and_cleanup PASSED [ 67%]
tests/python/test_known_object_refcounts.py::test_known_object_cleanup_gc_backends[0-0] PASSED [ 70%]
tests/python/test_known_object_refcounts.py::test_known_object_cleanup_gc_backends[0-1] PASSED [ 73%]
tests/python/test_known_object_refcounts.py::test_known_object_cleanup_gc_backends[1-0] PASSED [ 76%]
tests/python/test_known_object_refcounts.py::test_known_object_cleanup_gc_backends[1-1] PASSED [ 79%]
tests/python/test_known_object_refcounts.py::test_runtime_port_generator_keeps_checked_frame_access PASSED [ 82%]
tests/python/test_raw_scaffold_regex_ownership.py::test_regex_results_are_owned_in_raw_scaffold_modules[PATTERN.match(text)-hello-2000] PASSED [ 85%]
tests/python/test_raw_scaffold_regex_ownership.py::test_regex_results_are_owned_in_raw_scaffold_modules[re.match(r"([a-z]+)", text)-hello-2000] PASSED [ 88%]
tests/python/test_raw_scaffold_regex_ownership.py::test_regex_results_are_owned_in_raw_scaffold_modules[re.match(r"([a-z]+)", text)-123-0] PASSED [ 91%]
tests/python/test_raw_scaffold_regex_ownership.py::test_regex_results_are_owned_in_raw_scaffold_modules[OPCODE.match(text)-%slot = alloca i64-2000] PASSED [ 94%]
tests/python/test_raw_scaffold_regex_ownership.py::test_regex_results_are_owned_in_raw_scaffold_modules[HEADER.match(text)-define-2000] PASSED [ 97%]
tests/python/test_raw_scaffold_regex_ownership.py::test_dynamic_regex_compile_releases_pattern_and_argument PASSED [100%]

======================== 34 passed in 66.33s (0:01:06) =========================
